---
source: crates/component-cli/tests/test.rs
expression: output
---
Notify a meta-registry that a new version of a package is available

Usage: component registry notify [OPTIONS] <PACKAGE>

Arguments:
  <PACKAGE>
          The newly-published package, given as a WIT-style name (e.g., `wasi:http@0.2.11`)

Options:
      --registry-url <REGISTRY_URL>
          URL of the meta-registry to notify.
          
          Defaults to <https://wasm.directory>, or the `COMPONENT_REGISTRY_URL` environment variable when it is set.

  -h, --help
          Print help (see a summary with '-h')

  -V, --version
          Print version

Global Options:
      --color <WHEN>
          When to use colored output
          
          [default: auto]
          [possible values: auto, always, never]

      --offline
          Run in offline mode

  -v, --verbose...
          Increase logging verbosity

  -q, --quiet...
          Decrease logging verbosity
