---
source: crates/component-frontend/src/components/ds/typography.rs
expression: "crate::components::ds::pretty_html(&render(\"typography\", \"02\", \"Typography\",\n\"System UI stack for native rendering across platforms. Tight tracking on display sizes; relaxed for body.\",\nSAMPLES,))"
---
<section class="pt-12 md:pt-16" id="typography">
  <div class="grid md:grid-cols-[600px_1fr] gap-6 md:gap-12">
    <div>
      <div class="text-[12px] mono uppercase tracking-wider text-ink-500">
        02
      </div>
      <h2 class="mt-2 text-[24px] font-semibold tracking-tight">
        Typography
      </h2>
      <p class="mt-2 text-[13px] text-ink-500 leading-relaxed">
        System UI stack for native rendering across platforms. Tight tracking on display sizes; relaxed for body.
      </p>
    </div>
    <div class="divide-y divide-lineSoft">
      <div class="py-5 grid grid-cols-[120px_1fr] gap-6 items-baseline">
        <div class="text-[12px] text-ink-500 mono">
          Display
        </div>
        <div>
          <div class="text-[44px] leading-[1.05] font-semibold tracking-tight">
            Aa Display
          </div>
          <div class="text-[12px] text-ink-500 mt-1 mono">
            44 / 1.05 / -0.01em / 600
          </div>
        </div>
      </div>
      <div class="py-5 grid grid-cols-[120px_1fr] gap-6 items-baseline">
        <div class="text-[12px] text-ink-500 mono">
          H1
        </div>
        <div>
          <div class="text-[28px] leading-[1.15] font-semibold tracking-tight">
            Lorem ipsum dolor
          </div>
          <div class="text-[12px] text-ink-500 mt-1 mono">
            28 / 1.15 / 600
          </div>
        </div>
      </div>
      <div class="py-5 grid grid-cols-[120px_1fr] gap-6 items-baseline">
        <div class="text-[12px] text-ink-500 mono">
          H2
        </div>
        <div>
          <div class="text-[22px] font-semibold tracking-tight">
            Sit amet consectetur
          </div>
          <div class="text-[12px] text-ink-500 mt-1 mono">
            22 / 600
          </div>
        </div>
      </div>
      <div class="py-5 grid grid-cols-[120px_1fr] gap-6 items-baseline">
        <div class="text-[12px] text-ink-500 mono">
          Lead
        </div>
        <div>
          <div class="text-[20px] font-semibold tracking-tight leading-tight">
            42.7 k
          </div>
          <div class="text-[12px] text-ink-500 mt-1 mono">
            20 / tight / 600 — metric value
          </div>
        </div>
      </div>
      <div class="py-5 grid grid-cols-[120px_1fr] gap-6 items-baseline">
        <div class="text-[12px] text-ink-500 mono">
          Body
        </div>
        <div>
          <div class="text-[15px] leading-relaxed text-ink-700">
            The quick brown fox jumps over the lazy dog.
          </div>
          <div class="text-[12px] text-ink-500 mt-1 mono">
            15 / 1.6 / 400
          </div>
        </div>
      </div>
      <div class="py-5 grid grid-cols-[120px_1fr] gap-6 items-baseline">
        <div class="text-[12px] text-ink-500 mono">
          UI
        </div>
        <div>
          <div class="text-[14px]">
            Navigation item · Table cell
          </div>
          <div class="text-[12px] text-ink-500 mt-1 mono">
            14 / 400 — 13 / 500 (medium)
          </div>
        </div>
      </div>
      <div class="py-5 grid grid-cols-[120px_1fr] gap-6 items-baseline">
        <div class="text-[12px] text-ink-500 mono">
          Caption
        </div>
        <div>
          <div class="text-[12px] text-ink-500">
            Aenean lectus · Vivamus aliquet
          </div>
          <div class="text-[12px] text-ink-500 mt-1 mono">
            12 / 400 / ink-500
          </div>
        </div>
      </div>
      <div class="py-5 grid grid-cols-[120px_1fr] gap-6 items-baseline">
        <div class="text-[12px] text-ink-500 mono">
          Micro
        </div>
        <div>
          <div class="text-[11px] text-ink-500">
            Tempor incididunt · ut labore
          </div>
          <div class="text-[12px] text-ink-500 mt-1 mono">
            11 / 400
          </div>
        </div>
      </div>
      <div class="py-5 grid grid-cols-[120px_1fr] gap-6 items-baseline">
        <div class="text-[12px] text-ink-500 mono">
          Inline
        </div>
        <div>
          <div class="text-[15px] leading-relaxed text-ink-700">
            Read the
            <a href="#"
                  class="text-ink-900 underline decoration-line decoration-1 underline-offset-[3px] hover:decoration-ink-900">
              installation
                  guide
            </a>
            ,
                then run
            <code
                  class="px-1 py-0.5 rounded-sm bg-surfaceMuted text-ink-900 mono text-[0.875em]">
              component install
            </code>
            .
                Use
            <strong class="font-semibold text-ink-900">
              --strict
            </strong>
            for
            <em
                  class="italic">
              reproducible
            </em>
            builds.
                Press
            <kbd
                  class="inline-flex items-center px-1.5 h-5 rounded-sm border border-line bg-surface text-ink-700 mono text-[11px] align-[1px]">
              ⌘K
            </kbd>
            to search.
            <del class="text-ink-500 line-through decoration-1">
              Deprecated since v0.4
            </del>
            &mdash;
                see
            <a href="#"
                  class="text-ink-900 underline decoration-line decoration-1 underline-offset-[3px] hover:decoration-ink-900">
              migration
                  notes
            </a>
            .
          </div>
          <div class="text-[12px] text-ink-500 mt-2 mono">
            link · code · strong · em · kbd · del
          </div>
        </div>
      </div>
      <div class="py-5 grid grid-cols-[120px_1fr] gap-6 items-start">
        <div class="text-[12px] text-ink-500 mono pt-1">
          Markdown
        </div>
        <div>
          <article class="text-[15px] leading-relaxed text-ink-700 space-y-4">
            <h3 class="text-[20px] font-semibold tracking-tight text-ink-900 leading-tight">
              Configuring the registry
            </h3>
            <p>
              The
              <code
                    class="px-1 py-0.5 rounded-sm bg-surfaceMuted text-ink-900 mono text-[0.875em]">
                wasm.toml
              </code>
              manifest lives at the root of every package. It declares the package
                  identity, its
              <a href="#"
                    class="text-ink-900 underline decoration-line decoration-1 underline-offset-[3px] hover:decoration-ink-900">
                dependencies
              </a>
              ,
                  and the registries it pulls from.
            </p>
            <h4 class="text-[16px] font-semibold tracking-tight text-ink-900 leading-snug pt-2">
              Manifest fields
            </h4>
            <ul class="list-disc pl-5 space-y-1 marker:text-ink-400">
              <li>
                <p>
                  <code class="px-1 py-0.5 rounded-sm bg-surfaceMuted text-ink-900 mono text-[0.875em]">
                    name
                  </code>
                  &mdash; reverse-DNS package identifier
                </p>
              </li>
              <li>
                <p>
                  <code
                        class="px-1 py-0.5 rounded-sm bg-surfaceMuted text-ink-900 mono text-[0.875em]">
                    version
                  </code>
                  &mdash; semantic version, must be unique per registry
                </p>
              </li>
              <li>
                <p>
                  <code
                        class="px-1 py-0.5 rounded-sm bg-surfaceMuted text-ink-900 mono text-[0.875em]">
                    authors
                  </code>
                  &mdash; one or more contact strings
                </p>
              </li>
            </ul>
            <h4 class="text-[16px] font-semibold tracking-tight text-ink-900 leading-snug pt-2">
              Resolution order
            </h4>
            <ol class="list-decimal pl-5 space-y-1 marker:text-ink-400 marker:tabular-nums">
              <li>
                <p>
                  Local cache at
                  <code
                        class="px-1 py-0.5 rounded-sm bg-surfaceMuted text-ink-900 mono text-[0.875em]">
                    ~/.wasm/store
                  </code>
                </p>
              </li>
              <li>
                <p>
                  Registries declared in the manifest, in order
                </p>
              </li>
              <li>
                <p>
                  The default registry, unless
                  <code
                        class="px-1 py-0.5 rounded-sm bg-surfaceMuted text-ink-900 mono text-[0.875em]">
                    --offline
                  </code>
                  is set
                </p>
              </li>
            </ol>
            <blockquote class="border-l-2 border-ink-900 pl-4 text-ink-700 italic">
              Every dependency is locked by content hash, so a build today
                  resolves byte-for-byte tomorrow.
            </blockquote>
            <pre class="id-code text-[13px] leading-relaxed">
              <span class="h">
                [package]
              </span>
              <span class="k">
                name
              </span>
              <span class="p">
                =
              </span>
              <span class="s">
                "example.com/hello-world"
              </span>
              <span class="k">
                version
              </span>
              <span class="p">
                =
              </span>
              <span class="s">
                "0.1.0"
              </span>
              <span class="k">
                authors
              </span>
              <span class="p">
                =
              </span>
              <span class="p">
                [
              </span>
              <span class="s">
                "Lorem Ipsum &lt;lorem@example.com&gt;"
              </span>
              <span class="p">
                ]
              </span>
              <span class="h">
                [dependencies]
              </span>
              <span class="k">
                "wasi:http"
              </span>
              <span class="p">
                =
              </span>
              <span class="s">
                "0.2"
              </span>
              <span class="k">
                "wasi:cli"
              </span>
              <span class="p">
                =
              </span>
              <span class="s">
                "0.2"
              </span>
            </pre>
            <p class="text-[13px] text-ink-500">
              See the
              <a href="#"
                    class="text-ink-700 underline decoration-line decoration-1 underline-offset-[3px] hover:text-ink-900">
                manifest
                    reference
              </a>
              for the complete schema, including optional fields like
              <code
                    class="px-1 py-0.5 rounded-sm bg-surfaceMuted text-ink-700 mono text-[0.875em]">
                [targets.*]
              </code>
              and
              <code
                    class="px-1 py-0.5 rounded-sm bg-surfaceMuted text-ink-700 mono text-[0.875em]">
                [features]
              </code>
              .
            </p>
          </article>
          <div class="text-[12px] text-ink-500 mt-3 mono">
            h3 / h4 · p · ul · ol · blockquote · pre
          </div>
        </div>
      </div>
    </div>
  </div>
</section>
