---
source: crates/component-frontend/src/components/ds/labels.rs
expression: "crate::components::ds::pretty_html(&render(\"bars\", \"09\", \"Labels\",\n\"28px tall, 6px radius, label inset 12px. Pastel fill with paired ink for text \\u{2014} 4.5:1 contrast minimum.\",\nBARS,))"
---
<section class="pt-12 md:pt-16" id="bars">
  <div class="grid md:grid-cols-[600px_1fr] gap-6 md:gap-12">
    <div>
      <div class="text-[12px] mono uppercase tracking-wider text-ink-500">
        09
      </div>
      <h2 class="mt-2 text-[24px] font-semibold tracking-tight">
        Labels
      </h2>
      <p class="mt-2 text-[13px] text-ink-500 leading-relaxed">
        28px tall, 6px radius, label inset 12px. Pastel fill with paired ink for text — 4.5:1 contrast minimum.
      </p>
    </div>
    <div class="flex flex-col items-start gap-4">
      <div class="flex flex-col items-start gap-2">
        <div class="bar bg-cat-blue text-cat-blueInk">
          Lorem ipsum dolor
        </div>
        <div class="bar bg-cat-pink text-cat-pinkInk">
          Sit amet
        </div>
        <div class="bar bg-cat-cream text-cat-creamInk">
          Consectetur
        </div>
        <div class="bar bg-cat-green text-cat-greenInk">
          Adipiscing elit
        </div>
        <div class="bar bg-cat-peach text-cat-peachInk">
          Sed do eiusmod
        </div>
        <div class="bar bg-cat-lilac text-cat-lilacInk">
          Tempor incididunt
        </div>
        <div class="bar bg-cat-teal text-cat-tealInk">
          Ut labore
        </div>
        <div class="bar bg-cat-rust text-cat-rustInk">
          Et dolore magna
        </div>
        <div class="bar bg-cat-plum text-cat-plumInk">
          Aliqua enim
        </div>
        <div class="bar bg-cat-slate text-cat-slateInk">
          Ad minim veniam
        </div>
      </div>
      <div class="flex flex-col items-start gap-2">
        <div class="text-[12px] text-ink-500 mb-1">
          Small · for inline use inside compact rows
        </div>
        <div class="bar-sm bg-cat-blue text-cat-blueInk">
          Lorem ipsum dolor
        </div>
        <div class="bar-sm bg-cat-pink text-cat-pinkInk">
          Sit amet
        </div>
        <div class="bar-sm bg-cat-cream text-cat-creamInk">
          Consectetur
        </div>
        <div class="bar-sm bg-cat-green text-cat-greenInk">
          Adipiscing elit
        </div>
        <div class="bar-sm bg-cat-peach text-cat-peachInk">
          Sed do eiusmod
        </div>
        <div class="bar-sm bg-cat-lilac text-cat-lilacInk">
          Tempor incididunt
        </div>
        <div class="bar-sm bg-cat-teal text-cat-tealInk">
          Ut labore
        </div>
        <div class="bar-sm bg-cat-rust text-cat-rustInk">
          Et dolore magna
        </div>
        <div class="bar-sm bg-cat-plum text-cat-plumInk">
          Aliqua enim
        </div>
        <div class="bar-sm bg-cat-slate text-cat-slateInk">
          Ad minim veniam
        </div>
      </div>
    </div>
  </div>
</section>
