---
source: crates/component-frontend/src/components/ds/header.rs
expression: "crate::components::ds::pretty_html(&render(\"v1.0\",\n\"Foundations \\u{00b7} Components \\u{00b7} Patterns\", \"Design System\",\n\"A quiet, data-forward visual language built around soft rules, neutral ink, and a categorical pastel palette. Optimized for dense dashboards and analytical interfaces.\",))"
---
<header class="pt-8 md:pt-12 pb-8 md:pb-12">
  <div class="flex items-center gap-2 text-[12px] text-ink-500 mono uppercase tracking-wider">
    <span>
      v1.0
    </span>
    <span class="h-1 w-1 rounded-full bg-ink-300">
    </span>
    <span>
      Foundations · Components · Patterns
    </span>
    <span class="ml-auto">
    </span>
    <button type="button" class="theme-toggle relative inline-flex h-6 w-10 items-center rounded-full border border-line bg-surface text-ink-500 hover:bg-surfaceMuted hover:text-ink-900 transition-colors" aria-label="Toggle color theme" aria-pressed="false" title="Toggle color theme">
      <span class="theme-toggle-knob inline-flex h-4 w-4 translate-x-[2px] items-center justify-center rounded-full bg-ink-900 text-canvas transition-transform">
        <span class="theme-icon theme-icon-light" style="display:none">
          <svg class="h-3.5 w-3.5" viewBox="0 0 24 24" fill="none" stroke="currentColor" stroke-width="2" stroke-linecap="round">
            <circle cx="12" cy="12" r="5"/>
            <path d="M12 1v2M12 21v2M4.22 4.22l1.42 1.42M18.36 18.36l1.42 1.42M1 12h2M21 12h2M4.22 19.78l1.42-1.42M18.36 5.64l1.42-1.42"/>
          </svg>
        </span>
        <span class="theme-icon theme-icon-dark" style="display:none">
          <svg class="h-3.5 w-3.5" viewBox="0 0 24 24" fill="none" stroke="currentColor" stroke-width="2" stroke-linecap="round" stroke-linejoin="round">
            <path d="M21 12.79A9 9 0 1 1 11.21 3 7 7 0 0 0 21 12.79z" />
          </svg>
        </span>
      </span>
    </button>
  </div>
  <h1 class="mt-3 text-[36px] md:text-[44px] leading-[1.05] font-semibold tracking-tight">
    Design System
  </h1>
  <p class="mt-3 max-w-2xl text-[15px] text-ink-700 leading-relaxed">
    A quiet, data-forward visual language built around soft rules, neutral ink, and a categorical pastel palette. Optimized for dense dashboards and analytical interfaces.
  </p>
</header>
