---
source: crates/component-frontend/src/components/ds/principles_grid.rs
expression: "crate::components::ds::pretty_html(&html)"
---
<section class="mx-auto mx-auto max-w-[1280px] w-full px-4 md:px-8 pt-12 md:pt-16">
  <div class="grid md:grid-cols-[200px_1fr] gap-6 md:gap-12">
    <div>
      <div class="text-[12px] mono uppercase tracking-wider text-ink-500">
        Principles
      </div>
      <h2 class="mt-2 text-[24px] font-semibold tracking-tight">
        Built for components
      </h2>
      <p class="mt-2 text-[13px] text-ink-500 leading-relaxed">
        Three commitments that shape every choice in the toolchain.
      </p>
    </div>
    <div class="grid sm:grid-cols-2 gap-px bg-lineSoft border border-lineSoft rounded-lg overflow-hidden">
      <div class="bg-surface p-6">
        <div class="h-8 w-8 grid place-items-center rounded-md bg-cat-blue text-cat-blueInk">
          <svg width="16" height="16">
          </svg>
        </div>
        <div class="mt-3 text-[15px] font-semibold tracking-tight">
          WIT-first
        </div>
        <p class="mt-1.5 text-[13px] text-ink-700 leading-relaxed">
          Interfaces are the contract; implementations follow.
        </p>
      </div>
      <div class="bg-surface p-6">
        <div class="h-8 w-8 grid place-items-center rounded-md bg-cat-green text-cat-greenInk">
          <svg width="16" height="16">
          </svg>
        </div>
        <div class="mt-3 text-[15px] font-semibold tracking-tight">
          Composable
        </div>
        <p class="mt-1.5 text-[13px] text-ink-700 leading-relaxed">
          Mix any component with any other, regardless of language.
        </p>
      </div>
    </div>
  </div>
</section>
