---
source: crates/component-frontend/src/components/ds/package_columns.rs
expression: "crate::components::ds::pretty_html(&sample())"
---
<section aria-label="Package highlights" data-package-columns class="mx-auto max-w-[1280px] w-full px-4 md:px-8 mt-12 md:mt-16">
  <div class="grid grid-cols-1 md:grid-cols-3 gap-4 md:gap-6">
    <div class="min-w-0 flex flex-col rounded-lg border border-line bg-surface shadow-card overflow-hidden">
      <div class="flex items-center h-10 px-4 border-b border-lineSoft">
        <h2 class="text-[12px] mono uppercase tracking-wider text-ink-500">
          New releases
        </h2>
      </div>
      <ol class="divide-y divide-lineSoft">
        <li>
          <a href="/wasi/http" class="grid grid-cols-[minmax(0,1fr)_auto] items-center gap-x-4 gap-y-0.5 px-4 py-3 no-underline hover:bg-surfaceMuted focus-visible:bg-surfaceMuted">
            <span class="h-5 leading-5 mono text-[14px] font-medium text-ink-900 truncate">
              wasi:http
            </span>
            <span title="0.2.0" class="h-5 leading-5 max-w-[20ch] mono text-[12px] text-ink-500 tabular-nums text-right truncate">
              0.2.0
            </span>
            <span class="col-start-1 row-start-2 row-span-2 self-start h-10 leading-5 text-[13px] text-ink-500 line-clamp-2 break-words">
              HTTP &lt;types&gt;
            </span>
            <time datetime="2026-09-21T06:30:00Z" title="Released 2026-09-21" class="col-start-2 row-start-2 h-5 leading-5 mono text-[12px] text-ink-500 tabular-nums text-right whitespace-nowrap">
              3 days ago
            </time>
          </a>
        </li>
        <li>
          <a href="/wasi/io" class="grid grid-cols-[minmax(0,1fr)_auto] items-center gap-x-4 gap-y-0.5 px-4 py-3 no-underline hover:bg-surfaceMuted focus-visible:bg-surfaceMuted">
            <span class="h-5 leading-5 mono text-[14px] font-medium text-ink-900 truncate">
              wasi:io
            </span>
            <span title="0.2.0" class="h-5 leading-5 max-w-[20ch] mono text-[12px] text-ink-500 tabular-nums text-right truncate">
              0.2.0
            </span>
            <span class="col-start-1 row-start-2 row-span-2 self-start h-10 leading-5 text-[13px] text-ink-500 line-clamp-2 break-words italic">
              No description
            </span>
          </a>
        </li>
      </ol>
    </div>
    <div class="min-w-0 flex flex-col rounded-lg border border-line bg-surface shadow-card overflow-hidden">
      <div class="flex items-center h-10 px-4 border-b border-lineSoft">
        <h2 class="text-[12px] mono uppercase tracking-wider text-ink-500">
          New packages
        </h2>
      </div>
      <ol class="divide-y divide-lineSoft">
        <li>
          <div class="grid grid-cols-[minmax(0,1fr)_auto] items-center gap-x-4 gap-y-0.5 px-4 py-3">
            <span class="h-5 leading-5 mono text-[14px] font-medium text-ink-900 truncate">
              x/y
            </span>
            <span title="1.0.0" class="h-5 leading-5 max-w-[20ch] mono text-[12px] text-ink-500 tabular-nums text-right truncate">
              1.0.0
            </span>
            <span class="col-start-1 row-start-2 row-span-2 self-start h-10 leading-5 text-[13px] text-ink-500 line-clamp-2 break-words italic">
              No description
            </span>
            <time datetime="2026-08-24T12:00:00Z" title="First indexed 2026-08-24" class="col-start-2 row-start-2 h-5 leading-5 mono text-[12px] text-ink-500 tabular-nums text-right whitespace-nowrap">
              4 weeks ago
            </time>
          </div>
        </li>
      </ol>
    </div>
    <div class="min-w-0 flex flex-col rounded-lg border border-line bg-surface shadow-card overflow-hidden">
      <div class="flex items-center h-10 px-4 border-b border-lineSoft">
        <h2 class="text-[12px] mono uppercase tracking-wider text-ink-500">
          Popular packages
        </h2>
      </div>
      <ol class="divide-y divide-lineSoft">
        <li>
          <a href="/wasi/io" class="grid grid-cols-[minmax(0,1fr)_auto] items-center gap-x-4 gap-y-0.5 px-4 py-3 no-underline hover:bg-surfaceMuted focus-visible:bg-surfaceMuted">
            <span class="h-5 leading-5 mono text-[14px] font-medium text-ink-900 truncate">
              wasi:io
            </span>
            <span title="12 dependents" class="h-5 leading-5 max-w-[20ch] mono text-[12px] text-ink-500 tabular-nums text-right truncate">
              12 dependents
            </span>
            <span class="col-start-1 row-start-2 row-span-2 self-start h-10 leading-5 text-[13px] text-ink-500 line-clamp-2 break-words italic">
              No description
            </span>
          </a>
        </li>
        <li>
          <a href="/wasi/http" class="grid grid-cols-[minmax(0,1fr)_auto] items-center gap-x-4 gap-y-0.5 px-4 py-3 no-underline hover:bg-surfaceMuted focus-visible:bg-surfaceMuted">
            <span class="h-5 leading-5 mono text-[14px] font-medium text-ink-900 truncate">
              wasi:http
            </span>
            <span title="1 dependent" class="h-5 leading-5 max-w-[20ch] mono text-[12px] text-ink-500 tabular-nums text-right truncate">
              1 dependent
            </span>
            <span class="col-start-1 row-start-2 row-span-2 self-start h-10 leading-5 text-[13px] text-ink-500 line-clamp-2 break-words">
              HTTP &lt;types&gt;
            </span>
          </a>
        </li>
      </ol>
    </div>
  </div>
</section>
